###############################################################################
#
# IAR ELF Linker V3.11.1.207 for STM8                     08/Jan/2022  15:25:00
# Copyright 2010-2019 IAR Systems AB.
#
#    Output file  =  
#        C:\Users\anhth\OneDrive\Máy tính\do_an_3\test2\Debug\Exe\test2.out
#    Map file     =  
#        C:\Users\anhth\OneDrive\Máy tính\do_an_3\test2\Debug\List\test2.map
#    Command line =  
#        -f C:\Users\anhth\AppData\Local\Temp\EW8D45.tmp
#        ("C:\Users\anhth\OneDrive\Máy tính\do_an_3\test2\Debug\Obj\main.o"
#        "C:\Users\anhth\OneDrive\Máy tính\do_an_3\test2\Debug\Obj\rf24l01.o"
#        "C:\Users\anhth\OneDrive\Máy
#        tính\do_an_3\test2\Debug\Obj\stm8s_adc1.o"
#        "C:\Users\anhth\OneDrive\Máy tính\do_an_3\test2\Debug\Obj\stm8s_awu.o"
#        "C:\Users\anhth\OneDrive\Máy
#        tính\do_an_3\test2\Debug\Obj\stm8s_beep.o"
#        "C:\Users\anhth\OneDrive\Máy tính\do_an_3\test2\Debug\Obj\stm8s_clk.o"
#        "C:\Users\anhth\OneDrive\Máy
#        tính\do_an_3\test2\Debug\Obj\stm8s_exti.o"
#        "C:\Users\anhth\OneDrive\Máy
#        tính\do_an_3\test2\Debug\Obj\stm8s_flash.o"
#        "C:\Users\anhth\OneDrive\Máy
#        tính\do_an_3\test2\Debug\Obj\stm8s_gpio.o"
#        "C:\Users\anhth\OneDrive\Máy tính\do_an_3\test2\Debug\Obj\stm8s_i2c.o"
#        "C:\Users\anhth\OneDrive\Máy tính\do_an_3\test2\Debug\Obj\stm8s_it.o"
#        "C:\Users\anhth\OneDrive\Máy tính\do_an_3\test2\Debug\Obj\stm8s_itc.o"
#        "C:\Users\anhth\OneDrive\Máy
#        tính\do_an_3\test2\Debug\Obj\stm8s_iwdg.o"
#        "C:\Users\anhth\OneDrive\Máy tính\do_an_3\test2\Debug\Obj\stm8s_rst.o"
#        "C:\Users\anhth\OneDrive\Máy tính\do_an_3\test2\Debug\Obj\stm8s_spi.o"
#        "C:\Users\anhth\OneDrive\Máy
#        tính\do_an_3\test2\Debug\Obj\stm8s_tim1.o"
#        "C:\Users\anhth\OneDrive\Máy
#        tính\do_an_3\test2\Debug\Obj\stm8s_tim2.o"
#        "C:\Users\anhth\OneDrive\Máy
#        tính\do_an_3\test2\Debug\Obj\stm8s_tim4.o"
#        "C:\Users\anhth\OneDrive\Máy
#        tính\do_an_3\test2\Debug\Obj\stm8s_uart1.o"
#        "C:\Users\anhth\OneDrive\Máy
#        tính\do_an_3\test2\Debug\Obj\stm8s_wwdg.o" --redirect
#        _Printf=_PrintfFullNoMb --redirect _Scanf=_ScanfFullNoMb
#        --no_out_extension -o "C:\Users\anhth\OneDrive\Máy
#        tính\do_an_3\test2\Debug\Exe\test2.out" --map
#        "C:\Users\anhth\OneDrive\Máy tính\do_an_3\test2\Debug\List\test2.map"
#        --config "C:\Program Files (x86)\IAR Systems\Embedded Workbench
#        8.3\stm8\config\lnkstm8s103f3.icf" --config_def _CSTACK_SIZE=0x100
#        --config_def _HEAP_SIZE=0x100 --entry __iar_program_start --debug_lib)
#
###############################################################################

*******************************************************************************
*** RUNTIME MODEL ATTRIBUTES
***

__SystemLibrary            = DLib
__code_model               = small
__core                     = stm8
__data_model               = medium
__dlib_file_descriptor     = 0
__dlib_full_locale_support = 0
__rt_version               = 4


*******************************************************************************
*** PLACEMENT SUMMARY
***

"A0":  place at start of [0x000000-0x0000ff] { rw section .vregs };
"A1":  place at end of [0x000000-0x0003ff] { block CSTACK };
"P2":  place in [from 0x000000 to 0x0003ff] {
          block HEAP, rw section __DLIB_PERTHREAD, rw section .far.bss,
          rw section .far.data, rw section .far.noinit,
          rw section .far_func.textrw, rw section .huge.bss,
          rw section .huge.data, rw section .huge.noinit,
          rw section .huge_func.textrw, rw section .iar.dynexit,
          rw section .near.bss, rw section .near.data, rw section .near.noinit,
          rw section .near_func.textrw };
"A2":  place at start of [0x008000-0x009fff] { block INTVEC };
"P3":  place in [from 0x008000 to 0x009fff] {
          ro section __DLIB_PERTHREAD_init, ro section .far.data_init,
          ro section .far_func.textrw_init, ro section .huge.data_init,
          ro section .huge_func.textrw_init, ro section .iar.init_table,
          ro section .init_array, ro section .near.data_init,
          ro section .near.rodata, ro section .near_func.text,
          ro section .near_func.textrw_init, ro section .tiny.data_init,
          ro section .tiny.rodata_init };
"P4":  place in [from 0x008000 to 0x009fff] {
          ro section .far.rodata, ro section .far_func.text };
"P5":  place in [from 0x008000 to 0x009fff] {
          ro section .huge.rodata, ro section .huge_func.text };
do not initialize {
   rw section .eeprom.noinit, rw section .far.noinit, rw section .huge.noinit,
   rw section .near.noinit, rw section .tiny.noinit, rw section .vregs };

No sections matched the following patterns:

  ro section .far.data_init          in "P3-P5"
  ro section .far.rodata             in "P3-P5"
  ro section .far_func.text          in "P3-P5"
  ro section .far_func.textrw_init   in "P3-P5"
  ro section .huge.data_init         in "P3-P5"
  ro section .huge.rodata            in "P3-P5"
  ro section .huge_func.text         in "P3-P5"
  ro section .huge_func.textrw_init  in "P3-P5"
  ro section .iar.init_table         in "P3-P5"
  ro section .init_array             in "P3-P5"
  ro section .near.data_init         in "P3-P5"
  ro section .near_func.textrw_init  in "P3-P5"
  ro section .tiny.data_init         in "P3-P5"
  ro section .tiny.rodata_init       in "P3-P5"
  ro section __DLIB_PERTHREAD_init   in "P3-P5"
  rw section .far.bss                in "P2"
  rw section .far.data               in "P2"
  rw section .far.noinit             in "P2"
  rw section .far_func.textrw        in "P2"
  rw section .huge.bss               in "P2"
  rw section .huge.data              in "P2"
  rw section .huge.noinit            in "P2"
  rw section .huge_func.textrw       in "P2"
  rw section .iar.dynexit            in "P2"
  rw section .near.data              in "P2"
  rw section .near.noinit            in "P2"
  rw section .near_func.textrw       in "P2"
  rw section .tiny.bss               in "P1"
  rw section .tiny.data              in "P1"
  rw section .tiny.noinit            in "P1"
  rw section .tiny.rodata            in "P1"
  rw section __DLIB_PERTHREAD        in "P2"
  section .eeprom.data               in "P6-P8"
  section .eeprom.noinit             in "P6-P8"
  section .eeprom.rodata             in "P6-P8"


  Section          Kind      Address    Size  Object
  -------          ----      -------    ----  ------
"A0":                                   0x10
  .vregs           uninit   0x000000    0x10  vregs.o [4]
                          - 0x000010    0x10

"P2":                                   0x10
  .near.bss        zero     0x000010     0x6  main.o [1]
  .near.bss        zero     0x000016     0x6  main.o [1]
  .near.bss        zero     0x00001c     0x2  main.o [1]
  .near.bss        zero     0x00001e     0x1  main.o [1]
  .near.bss        zero     0x00001f     0x1  main.o [1]
                          - 0x000020    0x10

"A1":                                  0x100
  CSTACK                    0x000300   0x100  <Block>
    CSTACK         uninit   0x000300   0x100  <Block tail>
                          - 0x000400   0x100

"A2":                                   0x80
  INTVEC                    0x008000    0x80  <Block>
    .intvec        const    0x008000    0x80  interrupt.o [4]
                          - 0x008080    0x80

"P3-P5":                              0x11ac
  .near_func.text  ro code  0x008080   0x222  stm8s_uart1.o [1]
  .near_func.text  ro code  0x0082a2   0x19a  stm8s_adc1.o [1]
  .near_func.text  ro code  0x00843c   0x152  long.o [4]
  .near_func.text  ro code  0x00858e   0x132  main.o [1]
  .near_func.text  ro code  0x0086c0    0xfc  stm8s_adc1.o [1]
  .near_func.text  ro code  0x0087bc    0xf2  vreg_util.o [4]
  .near_func.text  ro code  0x0088ae    0xd0  stm8s_uart1.o [1]
  .near_func.text  ro code  0x00897e    0xb7  stm8s_adc1.o [1]
  .near_func.text  ro code  0x008a35    0x9e  stm8s_uart1.o [1]
  .near_func.text  ro code  0x008ad3    0x8e  stm8s_gpio.o [1]
  .near_func.text  ro code  0x008b61    0x71  main.o [1]
  .near_func.text  ro code  0x008bd2    0x64  main.o [1]
  .near_func.text  ro code  0x008c36    0x59  stm8s_adc1.o [1]
  .near_func.text  ro code  0x008c8f    0x55  stm8s_adc1.o [1]
  .near_func.text  ro code  0x008ce4    0x55  stm8s_adc1.o [1]
  .near_func.text  ro code  0x008d39    0x4f  stm8s_clk.o [1]
  .near.rodata     const    0x008d88    0x48  stm8s_uart1.o [1]
  .near.rodata     const    0x008dd0    0x47  stm8s_adc1.o [1]
  .near_func.text  ro code  0x008e17    0x47  long_util.o [4]
  .near.rodata     const    0x008e5e    0x46  stm8s_clk.o [1]
  .near_func.text  ro code  0x008ea4    0x3d  stm8s_clk.o [1]
  .near_func.text  ro code  0x008ee1    0x36  stm8s_uart1.o [1]
  .near_func.text  ro code  0x008f17    0x31  stm8s_adc1.o [1]
  .near_func.text  ro code  0x008f48    0x2f  stm8s_adc1.o [1]
  .near_func.text  ro code  0x008f77    0x2f  stm8s_clk.o [1]
  .near_func.text  ro code  0x008fa6    0x2f  stm8s_clk.o [1]
  .near_func.text  ro code  0x008fd5    0x2f  stm8s_clk.o [1]
  .near_func.text  ro code  0x009004    0x2d  stm8s_uart1.o [1]
  .near_func.text  ro code  0x009031    0x29  stm8s_it.o [1]
  .near_func.text  ro code  0x00905a    0x28  main.o [1]
  .near_func.text  ro code  0x009082    0x25  main.o [1]
  .near_func.text  ro code  0x0090a7    0x25  main.o [1]
  .near_func.text  ro code  0x0090cc    0x25  main.o [1]
  .iar.init_table  const    0x0090f1     0x8  - Linker created -
  .near_func.text  ro code  0x0090f9    0x1e  init_small.o [4]
  .near_func.text  ro code  0x009117    0x1b  main.o [1]
  .near_func.text  ro code  0x009132    0x1a  main.o [1]
  .near_func.text  ro code  0x00914c    0x18  dc_util.o [4]
  .near_func.text  ro code  0x009164    0x16  memset.o [4]
  .near_func.text  ro code  0x00917a    0x14  main.o [1]
  .near_func.text  ro code  0x00918e    0x14  short.o [4]
  .near_func.text  ro code  0x0091a2    0x14  init.o [4]
  .near_func.text  ro code  0x0091b6    0x14  __dbg_xxexit.o [3]
  .near_func.text  ro code  0x0091ca    0x13  cstartup.o [4]
  .near_func.text  ro code  0x0091dd     0xd  stm8s_uart1.o [1]
  .near_func.text  ro code  0x0091ea     0x7  stm8s_gpio.o [1]
  .near_func.text  ro code  0x0091f1     0x5  stm8s_adc1.o [1]
  .near_func.text  ro code  0x0091f6     0x5  cexit.o [4]
  .near.rodata     const    0x0091fb     0x4  stm8s_clk.o [1]
  .near_func.text  ro code  0x0091ff     0x4  stm8s_gpio.o [1]
  .near_func.text  ro code  0x009203     0x4  stm8s_uart1.o [1]
  .near_func.text  ro code  0x009207     0x4  stm8s_uart1.o [1]
  .near_func.text  ro code  0x00920b     0x3  interrupt.o [4]
  .near_func.text  ro code  0x00920e     0x3  low_level_init.o [4]
  .near_func.text  ro code  0x009211     0x3  exit.o [4]
  .near_func.text  ro code  0x009214     0x3  unhandled_exception.o [4]
  .near_func.text  ro code  0x009217     0x1  main.o [1]
  .near_func.text  ro code  0x009218     0x1  stm8s_it.o [1]
  .near_func.text  ro code  0x009219     0x1  stm8s_it.o [1]
  .near_func.text  ro code  0x00921a     0x1  stm8s_it.o [1]
  .near_func.text  ro code  0x00921b     0x1  stm8s_it.o [1]
  .near_func.text  ro code  0x00921c     0x1  stm8s_it.o [1]
  .near_func.text  ro code  0x00921d     0x1  stm8s_it.o [1]
  .near_func.text  ro code  0x00921e     0x1  stm8s_it.o [1]
  .near_func.text  ro code  0x00921f     0x1  stm8s_it.o [1]
  .near_func.text  ro code  0x009220     0x1  stm8s_it.o [1]
  .near_func.text  ro code  0x009221     0x1  stm8s_it.o [1]
  .near_func.text  ro code  0x009222     0x1  stm8s_it.o [1]
  .near_func.text  ro code  0x009223     0x1  stm8s_it.o [1]
  .near_func.text  ro code  0x009224     0x1  stm8s_it.o [1]
  .near_func.text  ro code  0x009225     0x1  stm8s_it.o [1]
  .near_func.text  ro code  0x009226     0x1  stm8s_it.o [1]
  .near_func.text  ro code  0x009227     0x1  stm8s_it.o [1]
  .near_func.text  ro code  0x009228     0x1  stm8s_it.o [1]
  .near_func.text  ro code  0x009229     0x1  stm8s_it.o [1]
  .near_func.text  ro code  0x00922a     0x1  stm8s_it.o [1]
  .near_func.text  ro code  0x00922b     0x1  __dbg_break.o [3]
                          - 0x00922c  0x11ac


*******************************************************************************
*** INIT TABLE
***

          Address   Size
          -------   ----
Zero (__iar_zero_init2)
    1 destination range, total size 0x10:
          0x000010  0x10



*******************************************************************************
*** MODULE SUMMARY
***

    Module                 ro code  ro data  rw data
    ------                 -------  -------  -------
C:\Users\anhth\OneDrive\Máy tính\do_an_3\test2\Debug\Obj: [1]
    main.o                     744                16
    stm8s_adc1.o             1 205       71
    stm8s_clk.o                281       74
    stm8s_gpio.o               153
    stm8s_it.o                  60
    stm8s_uart1.o            1 032       72
    ------------------------------------------------
    Total:                   3 475      217       16

command line: [2]
    ------------------------------------------------
    Total:

dbgstm8smd.a: [3]
    __dbg_break.o                1
    __dbg_xxexit.o              20
    ------------------------------------------------
    Total:                      21

dlstm8smn.a: [4]
    cexit.o                      5
    cstartup.o                  19
    dc_util.o                   24
    exit.o                       3
    init.o                      20
    init_small.o                30
    interrupt.o                  3      128
    long.o                     338
    long_util.o                 71
    low_level_init.o             3
    memset.o                    22
    short.o                     20
    unhandled_exception.o        3
    vreg_util.o                242
    vregs.o                                       16
    ------------------------------------------------
    Total:                     803      128       16

    Linker created                        8      256
----------------------------------------------------
    Grand Total:             4 299      353      288


*******************************************************************************
*** ENTRY LIST
***

Entry                    Address   Size  Type      Object
-----                    -------   ----  ----      ------
.iar.init_table$$Base   0x0090f1          --   Gb  - Linker created -
.iar.init_table$$Limit  0x0090f9          --   Gb  - Linker created -
?add32_l0_l0_0x         0x00843f         Code  Gb  long.o [4]
?add32_l0_l0_l1         0x00843c         Code  Gb  long.o [4]
?b0                     0x000000         Data  Gb  vregs.o [4]
?b1                     0x000001         Data  Gb  vregs.o [4]
?b10                    0x00000a         Data  Gb  vregs.o [4]
?b11                    0x00000b         Data  Gb  vregs.o [4]
?b12                    0x00000c         Data  Gb  vregs.o [4]
?b13                    0x00000d         Data  Gb  vregs.o [4]
?b14                    0x00000e         Data  Gb  vregs.o [4]
?b15                    0x00000f         Data  Gb  vregs.o [4]
?b2                     0x000002         Data  Gb  vregs.o [4]
?b3                     0x000003         Data  Gb  vregs.o [4]
?b4                     0x000004         Data  Gb  vregs.o [4]
?b5                     0x000005         Data  Gb  vregs.o [4]
?b6                     0x000006         Data  Gb  vregs.o [4]
?b7                     0x000007         Data  Gb  vregs.o [4]
?b8                     0x000008         Data  Gb  vregs.o [4]
?b9                     0x000009         Data  Gb  vregs.o [4]
?dc32_l1                0x00914c         Code  Gb  dc_util.o [4]
?dc32_px                0x009159         Code  Gb  dc_util.o [4]
?e0                     0x000001         Data  Gb  vregs.o [4]
?e1                     0x000005         Data  Gb  vregs.o [4]
?e2                     0x000009         Data  Gb  vregs.o [4]
?e3                     0x00000d         Data  Gb  vregs.o [4]
?epilogue_l2            0x00884b         Code  Gb  vreg_util.o [4]
?epilogue_l2_l3         0x008848         Code  Gb  vreg_util.o [4]
?epilogue_w4            0x00884f         Code  Gb  vreg_util.o [4]
?l0                     0x000000         Data  Gb  vregs.o [4]
?l1                     0x000004         Data  Gb  vregs.o [4]
?l2                     0x000008         Data  Gb  vregs.o [4]
?l3                     0x00000c         Data  Gb  vregs.o [4]
?load32_0x_l0           0x008e50         Code  Gb  long_util.o [4]
?load32_asp_l0          0x008e44         Code  Gb  long_util.o [4]
?load32_dbsp_l0         0x008e3f         Code  Gb  long_util.o [4]
?load32_l0_0x           0x008e27         Code  Gb  long_util.o [4]
?load32_l0_asp          0x008e1c         Code  Gb  long_util.o [4]
?load32_l0_dbsp         0x008e17         Code  Gb  long_util.o [4]
?load32_l0_xsp          0x008e1e         Code  Gb  long_util.o [4]
?load32_l1_0x           0x008e33         Code  Gb  long_util.o [4]
?load32_xsp_l0          0x008e46         Code  Gb  long_util.o [4]
?mov_e0_e2              0x008856         Code  Gb  vreg_util.o [4]
?mov_e0_e3              0x008863         Code  Gb  vreg_util.o [4]
?mov_e1_e0              0x008870         Code  Gb  vreg_util.o [4]
?mov_e1_e2              0x00887d         Code  Gb  vreg_util.o [4]
?mov_e1_e3              0x00888a         Code  Gb  vreg_util.o [4]
?mov_e2_e0              0x008897         Code  Gb  vreg_util.o [4]
?mov_e3_e0              0x0088a4         Code  Gb  vreg_util.o [4]
?mov_l0_l2              0x008853         Code  Gb  vreg_util.o [4]
?mov_l0_l3              0x008860         Code  Gb  vreg_util.o [4]
?mov_l1_l0              0x00886d         Code  Gb  vreg_util.o [4]
?mov_l1_l2              0x00887a         Code  Gb  vreg_util.o [4]
?mov_l1_l3              0x008887         Code  Gb  vreg_util.o [4]
?mov_l2_l0              0x008894         Code  Gb  vreg_util.o [4]
?mov_l3_l0              0x0088a1         Code  Gb  vreg_util.o [4]
?mov_w1_w5              0x008859         Code  Gb  vreg_util.o [4]
?mov_w1_w7              0x008866         Code  Gb  vreg_util.o [4]
?mov_w3_w1              0x008873         Code  Gb  vreg_util.o [4]
?mov_w3_w5              0x008880         Code  Gb  vreg_util.o [4]
?mov_w3_w7              0x00888d         Code  Gb  vreg_util.o [4]
?mov_w5_w1              0x00889a         Code  Gb  vreg_util.o [4]
?mov_w7_w1              0x0088a7         Code  Gb  vreg_util.o [4]
?mul32_l0_l0_0x         0x008475         Code  Gb  long.o [4]
?mul32_l0_l0_dl         0x008472         Code  Gb  long.o [4]
?mul32_l0_l0_l1         0x00847e         Code  Gb  long.o [4]
?pop_l0                 0x008814         Code  Gb  vreg_util.o [4]
?pop_l1                 0x00881f         Code  Gb  vreg_util.o [4]
?pop_l2                 0x00882a         Code  Gb  vreg_util.o [4]
?pop_l3                 0x008835         Code  Gb  vreg_util.o [4]
?pop_w4                 0x0087d4         Code  Gb  vreg_util.o [4]
?push_l0                0x0087e3         Code  Gb  vreg_util.o [4]
?push_l1                0x0087e8         Code  Gb  vreg_util.o [4]
?push_l2                0x0087ed         Code  Gb  vreg_util.o [4]
?push_l3                0x0087f2         Code  Gb  vreg_util.o [4]
?push_w4                0x0087bc         Code  Gb  vreg_util.o [4]
?sll16_x_x_4            0x009198         Code  Gb  short.o [4]
?sll16_x_x_5            0x009197         Code  Gb  short.o [4]
?sll16_x_x_6            0x009196         Code  Gb  short.o [4]
?sll16_x_x_a            0x00918e         Code  Gb  short.o [4]
?sll32_0x_0x_a          0x00856f         Code  Gb  long.o [4]
?sll32_l0_l0_a          0x00856c         Code  Gb  long.o [4]
?srl16_x_x_4            0x00919d         Code  Gb  short.o [4]
?srl32_0x_0x_a          0x008580         Code  Gb  long.o [4]
?srl32_l0_l0_a          0x00857d         Code  Gb  long.o [4]
?sub32_l0_l0_0x         0x00845a         Code  Gb  long.o [4]
?sub32_l0_l0_l1         0x008457         Code  Gb  long.o [4]
?udiv32_l0_l0_dl        0x0084fc         Code  Gb  long.o [4]
?udiv32_l0_l0_l1        0x0084ff         Code  Gb  long.o [4]
?umod32_l1_l0_l1        0x0084ff         Code  Gb  long.o [4]
?w0                     0x000000         Data  Gb  vregs.o [4]
?w1                     0x000002         Data  Gb  vregs.o [4]
?w2                     0x000004         Data  Gb  vregs.o [4]
?w3                     0x000006         Data  Gb  vregs.o [4]
?w4                     0x000008         Data  Gb  vregs.o [4]
?w5                     0x00000a         Data  Gb  vregs.o [4]
?w6                     0x00000c         Data  Gb  vregs.o [4]
?w7                     0x00000e         Data  Gb  vregs.o [4]
ADC1_ConversionConfig   0x008f48   0x2f  Code  Gb  stm8s_adc1.o [1]
ADC1_DeInit             0x008f17   0x31  Code  Gb  stm8s_adc1.o [1]
ADC1_ExternalTriggerConfig
                        0x008c36   0x59  Code  Gb  stm8s_adc1.o [1]
ADC1_GetConversionValue
                        0x008ce4   0x55  Code  Gb  stm8s_adc1.o [1]
ADC1_GetFlagStatus      0x00897e   0xb7  Code  Gb  stm8s_adc1.o [1]
ADC1_IRQHandler         0x009228    0x1  Code  Gb  stm8s_it.o [1]
ADC1_Init               0x0082a2  0x19a  Code  Gb  stm8s_adc1.o [1]
ADC1_PrescalerConfig    0x008c8f   0x55  Code  Gb  stm8s_adc1.o [1]
ADC1_SchmittTriggerConfig
                        0x0086c0   0xfc  Code  Gb  stm8s_adc1.o [1]
ADC1_StartConversion    0x0091f1    0x5  Code  Gb  stm8s_adc1.o [1]
AWU_IRQHandler          0x00921a    0x1  Code  Gb  stm8s_it.o [1]
CLK_GetClockFreq        0x008d39   0x4f  Code  Gb  stm8s_clk.o [1]
CLK_HSECmd              0x008f77   0x2f  Code  Gb  stm8s_clk.o [1]
CLK_HSICmd              0x008fa6   0x2f  Code  Gb  stm8s_clk.o [1]
CLK_HSIPrescalerConfig  0x008ea4   0x3d  Code  Gb  stm8s_clk.o [1]
CLK_IRQHandler          0x00921b    0x1  Code  Gb  stm8s_it.o [1]
CLK_LSICmd              0x008fd5   0x2f  Code  Gb  stm8s_clk.o [1]
CSTACK$$Base            0x000300          --   Gb  - Linker created -
CSTACK$$Limit           0x000400          --   Gb  - Linker created -
EEPROM_EEC_IRQHandler   0x00922a    0x1  Code  Gb  stm8s_it.o [1]
EXTI_PORTA_IRQHandler   0x00921c    0x1  Code  Gb  stm8s_it.o [1]
EXTI_PORTB_IRQHandler   0x00921d    0x1  Code  Gb  stm8s_it.o [1]
EXTI_PORTC_IRQHandler   0x00921e    0x1  Code  Gb  stm8s_it.o [1]
EXTI_PORTD_IRQHandler   0x00921f    0x1  Code  Gb  stm8s_it.o [1]
EXTI_PORTE_IRQHandler   0x009220    0x1  Code  Gb  stm8s_it.o [1]
GPIO_Init               0x008ad3   0x8e  Code  Gb  stm8s_gpio.o [1]
GPIO_WriteHigh          0x0091ea    0x7  Code  Gb  stm8s_gpio.o [1]
GPIO_WriteLow           0x0091ff    0x4  Code  Gb  stm8s_gpio.o [1]
HSIDivExp               0x0091fb    0x4  Data  Gb  stm8s_clk.o [1]
I2C_IRQHandler          0x009227    0x1  Code  Gb  stm8s_it.o [1]
INTVEC$$Base            0x008000          --   Gb  - Linker created -
INTVEC$$Limit           0x008080          --   Gb  - Linker created -
Region$$Table$$Base     0x0090f1          --   Gb  - Linker created -
Region$$Table$$Limit    0x0090f9          --   Gb  - Linker created -
SPI_IRQHandler          0x009221    0x1  Code  Gb  stm8s_it.o [1]
TIM1_CAP_COM_IRQHandler
                        0x009223    0x1  Code  Gb  stm8s_it.o [1]
TIM1_UPD_OVF_TRG_BRK_IRQHandler
                        0x009222    0x1  Code  Gb  stm8s_it.o [1]
TIM2_CAP_COM_IRQHandler
                        0x009225    0x1  Code  Gb  stm8s_it.o [1]
TIM2_UPD_OVF_BRK_IRQHandler
                        0x009224    0x1  Code  Gb  stm8s_it.o [1]
TIM4_UPD_OVF_IRQHandler
                        0x009229    0x1  Code  Gb  stm8s_it.o [1]
TLI_IRQHandler          0x009219    0x1  Code  Gb  stm8s_it.o [1]
TRAP_IRQHandler         0x009218    0x1  Code  Gb  stm8s_it.o [1]
UART1_ClearFlag         0x008ee1   0x36  Code  Gb  stm8s_uart1.o [1]
UART1_Cmd               0x0091dd    0xd  Code  Gb  stm8s_uart1.o [1]
UART1_DeInit            0x009004   0x2d  Code  Gb  stm8s_uart1.o [1]
UART1_GetFlagStatus     0x008a35   0x9e  Code  Gb  stm8s_uart1.o [1]
UART1_ITConfig          0x0088ae   0xd0  Code  Gb  stm8s_uart1.o [1]
UART1_Init              0x008080  0x222  Code  Gb  stm8s_uart1.o [1]
UART1_RX_IRQHandler     0x009031   0x29  Code  Gb  stm8s_it.o [1]
UART1_ReceiveData8      0x009203    0x4  Code  Gb  stm8s_uart1.o [1]
UART1_SendData8         0x009207    0x4  Code  Gb  stm8s_uart1.o [1]
UART1_SendString        0x00905a   0x28  Code  Gb  main.o [1]
UART1_TX_IRQHandler     0x009226    0x1  Code  Gb  stm8s_it.o [1]
__DebugBreak            0x00922b    0x1  Code  Gb  __dbg_break.o [3]
__exit                  0x0091b6   0x14  Code  Gb  __dbg_xxexit.o [3]
__iar_data_init2        0x0091a2   0x14  Code  Gb  init.o [4]
__iar_program_start     0x0091ca         Code  Gb  cstartup.o [4]
__iar_unhandled_exception
                        0x009214         Code  Gb  unhandled_exception.o [4]
__iar_zero_init2        0x0090f9         Code  Gb  init_small.o [4]
__intvec                0x008000         Data  Gb  interrupt.o [4]
__low_level_init        0x00920e    0x3  Code  Gb  low_level_init.o [4]
_exit                   0x0091f6         Code  Gb  cexit.o [4]
_interrupt_1            0x009218         Code  Gb  stm8s_it.o [1]
_interrupt_12           0x009221         Code  Gb  stm8s_it.o [1]
_interrupt_13           0x009222         Code  Gb  stm8s_it.o [1]
_interrupt_14           0x009223         Code  Gb  stm8s_it.o [1]
_interrupt_15           0x009224         Code  Gb  stm8s_it.o [1]
_interrupt_16           0x009225         Code  Gb  stm8s_it.o [1]
_interrupt_19           0x009226         Code  Gb  stm8s_it.o [1]
_interrupt_2            0x009219         Code  Gb  stm8s_it.o [1]
_interrupt_20           0x009031         Code  Gb  stm8s_it.o [1]
_interrupt_21           0x009227         Code  Gb  stm8s_it.o [1]
_interrupt_24           0x009228         Code  Gb  stm8s_it.o [1]
_interrupt_25           0x009229         Code  Gb  stm8s_it.o [1]
_interrupt_26           0x00922a         Code  Gb  stm8s_it.o [1]
_interrupt_3            0x00921a         Code  Gb  stm8s_it.o [1]
_interrupt_4            0x00921b         Code  Gb  stm8s_it.o [1]
_interrupt_5            0x00921c         Code  Gb  stm8s_it.o [1]
_interrupt_6            0x00921d         Code  Gb  stm8s_it.o [1]
_interrupt_7            0x00921e         Code  Gb  stm8s_it.o [1]
_interrupt_8            0x00921f         Code  Gb  stm8s_it.o [1]
_interrupt_9            0x009220         Code  Gb  stm8s_it.o [1]
adc_CH2_conf            0x0090cc   0x25  Code  Gb  main.o [1]
adc_CH3_conf            0x0090a7   0x25  Code  Gb  main.o [1]
adc_CH4_conf            0x009082   0x25  Code  Gb  main.o [1]
assert_failed           0x009217    0x1  Code  Gb  main.o [1]
control                 0x00001e    0x1  Data  Gb  main.o [1]
cv_data_to_8            0x009117   0x1b  Code  Gb  main.o [1]
data                    0x000010    0x6  Data  Gb  main.o [1]
data_send               0x000016    0x6  Data  Lc  main.o [1]
delay_ms                0x009132   0x1a  Code  Gb  main.o [1]
delay_us                0x00917a   0x14  Code  Gb  main.o [1]
exit                    0x009211    0x3  Code  Gb  exit.o [4]
i                       0x00001f    0x1  Data  Gb  main.o [1]
init_GPIO_machine       0x008bd2   0x64  Code  Gb  main.o [1]
main                    0x00858e  0x132  Code  Gb  main.o [1]
make_machine            0x008b61   0x71  Code  Gb  main.o [1]
memset                  0x009164   0x16  Code  Gb  memset.o [4]
ptr                     0x00001c    0x2  Data  Lc  main.o [1]


[1] = C:\Users\anhth\OneDrive\Máy tính\do_an_3\test2\Debug\Obj
[2] = command line
[3] = dbgstm8smd.a
[4] = dlstm8smn.a

  4 299 bytes of readonly  code memory
    353 bytes of readonly  data memory
    288 bytes of readwrite data memory

Errors: none
Warnings: none
